****************************************
Report : report_utilization
Design : alarm_clock_top
Version: W-2024.09-SP1
****************************************
Utilization Ratio:			0.6974
Utilization options:
 - Area calculation based on:		site_row of block alarm_clock_top
 - Categories of objects excluded:	hard_macros macro_keepouts soft_macros io_cells hard_blockages 
Total Area:				1785.3616
Total Capacity Area:			1785.3616
Total Area of cells:			1245.0515
Area of excluded objects:
 - hard_macros         :		0.0000
 - macro_keepouts      :		0.0000
 - soft_macros         :		0.0000
 - io_cells            :		0.0000
 - hard_blockages      :		0.0000
Total Area of excluded objects:		0.0000
Ratio of excluded objects:		0.0000

Utilization of site-rows with:
 - Site 'unit':				0.6974

0.6974
