****************************************
Report : power
        -significant_digits 2
Design : alarm_clock_top
Version: W-2024.09-SP1
****************************************
Information: Activity for scenario func.nom was cached, no propagation required. (POW-005)
Mode: func
Corner: nom
Scenario: func.nom
Voltage: 0.75
Temperature: 125.00

Voltage Unit         : 1V
Capacitance Unit     : 1fF
Time Unit            : 1ns
Temperature Unit     : 1C
Dynamic Power Unit   : 1pW
Leakage Power Unit   : 1pW

Switched supply net power scaling:
scaling for leakage power

Supply nets:
VDD (power) probability 1.00 (default)
VSS (ground) probability 1.00 (default)
Warning: While computing leakage for instance 'xofiller!SHFILL1_RVT!x68240y317520', mismatches in operating condition settings have been found in the design. (POW-039)
Warning: While computing leakage for instance 'xofiller!SHFILL1_RVT!x439120y350960', mismatches in operating condition settings have been found in the design. (POW-039)
Warning: While computing leakage for instance 'xofiller!SHFILL1_RVT!x81920y250640', mismatches in operating condition settings have been found in the design. (POW-039)
Warning: While computing leakage for instance 'xofiller!SHFILL1_RVT!x440640y350960', mismatches in operating condition settings have been found in the design. (POW-039)
Warning: While computing leakage for instance 'xofiller!SHFILL1_RVT!x69760y317520', mismatches in operating condition settings have been found in the design. (POW-039)
Warning: While computing leakage for instance 'xofiller!SHFILL1_RVT!x442160y350960', mismatches in operating condition settings have been found in the design. (POW-039)
Warning: While computing leakage for instance 'xofiller!SHFILL1_RVT!x71280y317520', mismatches in operating condition settings have been found in the design. (POW-039)
Warning: While computing leakage for instance 'xofiller!SHFILL1_RVT!x443680y350960', mismatches in operating condition settings have been found in the design. (POW-039)
Warning: While computing leakage for instance 'xofiller!SHFILL1_RVT!x83440y250640', mismatches in operating condition settings have been found in the design. (POW-039)
Warning: While computing leakage for instance 'xofiller!SHFILL1_RVT!x72800y317520', mismatches in operating condition settings have been found in the design. (POW-039)
Note - message 'POW-039' limit (10) exceeded. Remainder will be suppressed.
Warning: Power table extrapolation (extrapolation mode) for port Y on cell ZCTSBUF_2973_86 for parameter Tinp. Lowest table value = 0.016000, highest table value = 1.024000, value = 0.000248 (POW-046)
Warning: Power table extrapolation (extrapolation mode) for port Y on cell ZCTSBUF_479_87 for parameter Tinp. Lowest table value = 0.016000, highest table value = 1.024000, value = 0.000267 (POW-046)
Warning: Power table extrapolation (extrapolation mode) for port Y on cell ctosc_gls_inst_192 for parameter Tinp. Lowest table value = 0.016000, highest table value = 1.024000, value = 0.000114 (POW-046)
Warning: Power table extrapolation (extrapolation mode) for port D on cell tgen1/count_reg[0] for parameter Tinp. Lowest table value = inf, highest table value = inf, value = 0.054207 (POW-046)
Warning: Power table extrapolation (extrapolation mode) for port Y on cell HFSINV_5240_15 for parameter Tinp. Lowest table value = 0.016000, highest table value = 1.024000, value = 0.000076 (POW-046)
Warning: Power table extrapolation (extrapolation mode) for port D on cell count1/current_time_ls_min_reg[1] for parameter Tinp. Lowest table value = inf, highest table value = inf, value = 0.089340 (POW-046)
Warning: Power table extrapolation (extrapolation mode) for port D on cell count1/current_time_ls_min_reg[2] for parameter Tinp. Lowest table value = inf, highest table value = inf, value = 0.100212 (POW-046)
Warning: Power table extrapolation (extrapolation mode) for port D on cell count1/current_time_ls_min_reg[3] for parameter Tinp. Lowest table value = inf, highest table value = inf, value = 0.090141 (POW-046)
Warning: Power table extrapolation (extrapolation mode) for port D on cell count1/current_time_ms_min_reg[0] for parameter Tinp. Lowest table value = inf, highest table value = inf, value = 0.118256 (POW-046)
Warning: Power table extrapolation (extrapolation mode) for port D on cell count1/current_time_ms_min_reg[1] for parameter Tinp. Lowest table value = inf, highest table value = inf, value = 0.076790 (POW-046)
Note - message 'POW-046' limit (10) exceeded. Remainder will be suppressed.

  Cell Internal Power    = 6.17e+07 pW ( 85.4%)
  Net Switching Power    = 1.05e+07 pW ( 14.6%)
Total Dynamic Power      = 7.22e+07 pW (100.0%)

Cell Leakage Power       = 2.07e+07 pW


  Attributes
  ----------
      u  -  User defined power group
      i  -  Includes clock pin internal power

Power Group         Internal Power        Switching Power          Leakage Power            Total Power    (   %  )    Attrs
-----------------------------------------------------------------------------------------------------------------------------
io_pad                    0.00e+00               0.00e+00               0.00e+00               0.00e+00    (  0.0%)         
memory                    0.00e+00               0.00e+00               0.00e+00               0.00e+00    (  0.0%)         
black_box                 0.00e+00               0.00e+00               0.00e+00               0.00e+00    (  0.0%)         
clock_network             5.72e+07               8.82e+06               5.81e+05               6.66e+07    ( 71.7%)        i
register                  3.70e+06               3.57e+05               1.20e+07               1.60e+07    ( 17.3%)         
sequential                0.00e+00               0.00e+00               0.00e+00               0.00e+00    (  0.0%)         
combinational             7.98e+05               1.35e+06               8.12e+06               1.03e+07    ( 11.0%)         
-----------------------------------------------------------------------------------------------------------------------------
Total                     6.17e+07 pW            1.05e+07 pW            2.07e+07 pW            9.29e+07 pW
1
