****************************************
Report : timing
        -path_type full
        -delay_type max
        -max_paths 10
        -report_by design
Design : alarm_clock_top
Version: W-2024.09-SP1
****************************************

  Startpoint: fsm1/pre_state_reg[1] (rising edge-triggered flip-flop clocked by clock)
  Endpoint: ms_hour[1] (output port clocked by clock)
  Mode: func
  Corner: nom
  Scenario: func.nom
  Path Group: **reg2out_default**
  Path Type: max

  Point                                             Incr        Path  
  ----------------------------------------------------------------------------
  clock clock (rise edge)                          0.0000      0.0000
  clock network delay (propagated)                 0.1032      0.1032

  fsm1/pre_state_reg[1]/CLK (DFFARX1_RVT)          0.0000      0.1032 r
  fsm1/pre_state_reg[1]/Q (DFFARX1_RVT)            0.3512      0.4544 f
  fsm1/U9/Y (NAND2X0_RVT)                          0.1775      0.6319 r
  fsm1/U11/Y (NAND2X0_RVT)                         0.2167      0.8485 f
  HFSINV_107_3/Y (INVX0_RVT)                       0.1447      0.9933 r
  U112/Y (AND2X2_RVT)                              0.2237      1.2170 r
  HFSBUF_113_2/Y (NBUFFX2_RVT)                     0.1508      1.3677 r
  U119/Y (AO222X1_RVT)                             0.2064      1.5742 r
  U120/Y (INVX0_RVT)                               0.1187      1.6928 f
  U124/Y (OAI21X1_RVT)                             0.3131      2.0059 r
  ms_hour[1] (out)                                 0.0001      2.0061 r
  data arrival time                                            2.0061

  clock clock (rise edge)                          5.0000      5.0000
  clock network delay (propagated)                 0.0885      5.0885
  clock uncertainty                               -0.2000      4.8885
  output external delay                           -1.5000      3.3885
  data required time                                           3.3885
  ----------------------------------------------------------------------------
  data required time                                           3.3885
  data arrival time                                           -2.0061
  ----------------------------------------------------------------------------
  slack (MET)                                                  1.3824



  Startpoint: fsm1/pre_state_reg[1] (rising edge-triggered flip-flop clocked by clock)
  Endpoint: ls_hour[1] (output port clocked by clock)
  Mode: func
  Corner: nom
  Scenario: func.nom
  Path Group: **reg2out_default**
  Path Type: max

  Point                                             Incr        Path  
  ----------------------------------------------------------------------------
  clock clock (rise edge)                          0.0000      0.0000
  clock network delay (propagated)                 0.1032      0.1032

  fsm1/pre_state_reg[1]/CLK (DFFARX1_RVT)          0.0000      0.1032 r
  fsm1/pre_state_reg[1]/Q (DFFARX1_RVT)            0.3512      0.4544 f
  fsm1/U9/Y (NAND2X0_RVT)                          0.1775      0.6319 r
  fsm1/U11/Y (NAND2X0_RVT)                         0.2167      0.8485 f
  HFSINV_107_3/Y (INVX0_RVT)                       0.1447      0.9933 r
  U112/Y (AND2X2_RVT)                              0.2237      1.2170 r
  HFSBUF_113_2/Y (NBUFFX2_RVT)                     0.1508      1.3677 r
  U131/Y (AO222X1_RVT)                             0.2262      1.5940 r
  U132/Y (INVX0_RVT)                               0.1077      1.7016 f
  U136/Y (OAI21X1_RVT)                             0.2816      1.9832 r
  ls_hour[1] (out)                                 0.0000      1.9832 r
  data arrival time                                            1.9832

  clock clock (rise edge)                          5.0000      5.0000
  clock network delay (propagated)                 0.0885      5.0885
  clock uncertainty                               -0.2000      4.8885
  output external delay                           -1.5000      3.3885
  data required time                                           3.3885
  ----------------------------------------------------------------------------
  data required time                                           3.3885
  data arrival time                                           -1.9832
  ----------------------------------------------------------------------------
  slack (MET)                                                  1.4052



  Startpoint: fsm1/pre_state_reg[1] (rising edge-triggered flip-flop clocked by clock)
  Endpoint: ms_hour[0] (output port clocked by clock)
  Mode: func
  Corner: nom
  Scenario: func.nom
  Path Group: **reg2out_default**
  Path Type: max

  Point                                             Incr        Path  
  ----------------------------------------------------------------------------
  clock clock (rise edge)                          0.0000      0.0000
  clock network delay (propagated)                 0.1032      0.1032

  fsm1/pre_state_reg[1]/CLK (DFFARX1_RVT)          0.0000      0.1032 r
  fsm1/pre_state_reg[1]/Q (DFFARX1_RVT)            0.3512      0.4544 f
  fsm1/U9/Y (NAND2X0_RVT)                          0.1775      0.6319 r
  fsm1/U11/Y (NAND2X0_RVT)                         0.2167      0.8485 f
  HFSINV_107_3/Y (INVX0_RVT)                       0.1447      0.9933 r
  U112/Y (AND2X2_RVT)                              0.2237      1.2170 r
  HFSBUF_113_2/Y (NBUFFX2_RVT)                     0.1508      1.3677 r
  U119/Y (AO222X1_RVT)                             0.2064      1.5742 r
  U120/Y (INVX0_RVT)                               0.1187      1.6928 f
  U183/Y (OA221X1_RVT)                             0.2875      1.9803 f
  ms_hour[0] (out)                                 0.0001      1.9804 f
  data arrival time                                            1.9804

  clock clock (rise edge)                          5.0000      5.0000
  clock network delay (propagated)                 0.0885      5.0885
  clock uncertainty                               -0.2000      4.8885
  output external delay                           -1.5000      3.3885
  data required time                                           3.3885
  ----------------------------------------------------------------------------
  data required time                                           3.3885
  data arrival time                                           -1.9804
  ----------------------------------------------------------------------------
  slack (MET)                                                  1.4081



  Startpoint: fsm1/pre_state_reg[1] (rising edge-triggered flip-flop clocked by clock)
  Endpoint: ls_hour[0] (output port clocked by clock)
  Mode: func
  Corner: nom
  Scenario: func.nom
  Path Group: **reg2out_default**
  Path Type: max

  Point                                             Incr        Path  
  ----------------------------------------------------------------------------
  clock clock (rise edge)                          0.0000      0.0000
  clock network delay (propagated)                 0.1032      0.1032

  fsm1/pre_state_reg[1]/CLK (DFFARX1_RVT)          0.0000      0.1032 r
  fsm1/pre_state_reg[1]/Q (DFFARX1_RVT)            0.3512      0.4544 f
  fsm1/U9/Y (NAND2X0_RVT)                          0.1775      0.6319 r
  fsm1/U11/Y (NAND2X0_RVT)                         0.2167      0.8485 f
  HFSINV_107_3/Y (INVX0_RVT)                       0.1447      0.9933 r
  U112/Y (AND2X2_RVT)                              0.2237      1.2170 r
  HFSBUF_113_2/Y (NBUFFX2_RVT)                     0.1508      1.3677 r
  U131/Y (AO222X1_RVT)                             0.2262      1.5940 r
  U132/Y (INVX0_RVT)                               0.1077      1.7016 f
  U180/Y (OA221X1_RVT)                             0.2610      1.9626 f
  ls_hour[0] (out)                                 0.0000      1.9626 f
  data arrival time                                            1.9626

  clock clock (rise edge)                          5.0000      5.0000
  clock network delay (propagated)                 0.0885      5.0885
  clock uncertainty                               -0.2000      4.8885
  output external delay                           -1.5000      3.3885
  data required time                                           3.3885
  ----------------------------------------------------------------------------
  data required time                                           3.3885
  data arrival time                                           -1.9626
  ----------------------------------------------------------------------------
  slack (MET)                                                  1.4259



  Startpoint: fastwatch (input port clocked by clock)
  Endpoint: count1/current_time_ms_hr_reg[3] (rising edge-triggered flip-flop clocked by clock)
  Mode: func
  Corner: nom
  Scenario: func.nom
  Path Group: **in2reg_default**
  Path Type: max

  Point                                             Incr        Path  
  ----------------------------------------------------------------------------
  clock clock (rise edge)                          0.0000      0.0000
  clock network delay (propagated)                 0.0955      0.0955
  input external delay                             1.5000      1.5955 f
  fastwatch (in)                                   0.0000      1.5955 f
  tgen1/ctmTdsLR_1_52/Y (MUX21X2_RVT)              0.3402      1.9357 f
  count1/U15/Y (NAND2X0_RVT)                       0.2106      2.1463 r
  count1/U19/Y (NOR2X0_RVT)                        0.2275      2.3738 f
  count1/U21/Y (NAND2X0_RVT)                       0.1565      2.5303 r
  count1/U22/Y (INVX0_RVT)                         0.0956      2.6259 f
  count1/U23/Y (NAND2X0_RVT)                       0.1414      2.7672 r
  count1/U44/Y (AND2X1_RVT)                        0.1480      2.9152 r
  count1/U45/Y (OA21X1_RVT)                        0.1397      3.0549 r
  count1/U46/Y (AO221X1_RVT)                       0.1801      3.2350 r
  count1/U47/Y (NAND3X0_RVT)                       0.1051      3.3401 f
  count1/current_time_ms_hr_reg[3]/D (DFFARX1_RVT)
                                                   0.0000      3.3401 f
  data arrival time                                            3.3401

  clock clock (rise edge)                          5.0000      5.0000
  clock network delay (propagated)                 0.0927      5.0927
  count1/current_time_ms_hr_reg[3]/CLK (DFFARX1_RVT)
                                                   0.0000      5.0927 r
  clock uncertainty                               -0.2000      4.8927
  library setup time                              -0.1213      4.7714
  data required time                                           4.7714
  ----------------------------------------------------------------------------
  data required time                                           4.7714
  data arrival time                                           -3.3401
  ----------------------------------------------------------------------------
  slack (MET)                                                  1.4313



  Startpoint: fsm1/pre_state_reg[1] (rising edge-triggered flip-flop clocked by clock)
  Endpoint: ms_minute[1] (output port clocked by clock)
  Mode: func
  Corner: nom
  Scenario: func.nom
  Path Group: **reg2out_default**
  Path Type: max

  Point                                             Incr        Path  
  ----------------------------------------------------------------------------
  clock clock (rise edge)                          0.0000      0.0000
  clock network delay (propagated)                 0.1032      0.1032

  fsm1/pre_state_reg[1]/CLK (DFFARX1_RVT)          0.0000      0.1032 r
  fsm1/pre_state_reg[1]/Q (DFFARX1_RVT)            0.3512      0.4544 f
  fsm1/U9/Y (NAND2X0_RVT)                          0.1775      0.6319 r
  fsm1/U11/Y (NAND2X0_RVT)                         0.2167      0.8485 f
  U110/Y (NOR2X2_RVT)                              0.3342      1.1827 r
  HFSBUF_389_1/Y (NBUFFX2_RVT)                     0.1406      1.3233 r
  U125/Y (AO222X1_RVT)                             0.2238      1.5471 r
  U126/Y (INVX0_RVT)                               0.0937      1.6408 f
  U130/Y (OAI21X1_RVT)                             0.2952      1.9360 r
  ms_minute[1] (out)                               0.0001      1.9361 r
  data arrival time                                            1.9361

  clock clock (rise edge)                          5.0000      5.0000
  clock network delay (propagated)                 0.0885      5.0885
  clock uncertainty                               -0.2000      4.8885
  output external delay                           -1.5000      3.3885
  data required time                                           3.3885
  ----------------------------------------------------------------------------
  data required time                                           3.3885
  data arrival time                                           -1.9361
  ----------------------------------------------------------------------------
  slack (MET)                                                  1.4523



  Startpoint: fsm1/pre_state_reg[1] (rising edge-triggered flip-flop clocked by clock)
  Endpoint: ms_minute[0] (output port clocked by clock)
  Mode: func
  Corner: nom
  Scenario: func.nom
  Path Group: **reg2out_default**
  Path Type: max

  Point                                             Incr        Path  
  ----------------------------------------------------------------------------
  clock clock (rise edge)                          0.0000      0.0000
  clock network delay (propagated)                 0.1032      0.1032

  fsm1/pre_state_reg[1]/CLK (DFFARX1_RVT)          0.0000      0.1032 r
  fsm1/pre_state_reg[1]/Q (DFFARX1_RVT)            0.3512      0.4544 f
  fsm1/U9/Y (NAND2X0_RVT)                          0.1775      0.6319 r
  fsm1/U11/Y (NAND2X0_RVT)                         0.2167      0.8485 f
  U110/Y (NOR2X2_RVT)                              0.3342      1.1827 r
  HFSBUF_389_1/Y (NBUFFX2_RVT)                     0.1406      1.3233 r
  U125/Y (AO222X1_RVT)                             0.2238      1.5471 r
  U126/Y (INVX0_RVT)                               0.0937      1.6408 f
  U177/Y (OA221X1_RVT)                             0.2470      1.8878 f
  ms_minute[0] (out)                               0.0000      1.8878 f
  data arrival time                                            1.8878

  clock clock (rise edge)                          5.0000      5.0000
  clock network delay (propagated)                 0.0885      5.0885
  clock uncertainty                               -0.2000      4.8885
  output external delay                           -1.5000      3.3885
  data required time                                           3.3885
  ----------------------------------------------------------------------------
  data required time                                           3.3885
  data arrival time                                           -1.8878
  ----------------------------------------------------------------------------
  slack (MET)                                                  1.5007



  Startpoint: fastwatch (input port clocked by clock)
  Endpoint: count1/current_time_ms_hr_reg[2] (rising edge-triggered flip-flop clocked by clock)
  Mode: func
  Corner: nom
  Scenario: func.nom
  Path Group: **in2reg_default**
  Path Type: max

  Point                                             Incr        Path  
  ----------------------------------------------------------------------------
  clock clock (rise edge)                          0.0000      0.0000
  clock network delay (propagated)                 0.0955      0.0955
  input external delay                             1.5000      1.5955 f
  fastwatch (in)                                   0.0000      1.5955 f
  tgen1/ctmTdsLR_1_52/Y (MUX21X2_RVT)              0.3402      1.9357 f
  count1/U15/Y (NAND2X0_RVT)                       0.2106      2.1463 r
  count1/U19/Y (NOR2X0_RVT)                        0.2275      2.3738 f
  count1/U21/Y (NAND2X0_RVT)                       0.1565      2.5303 r
  count1/U22/Y (INVX0_RVT)                         0.0956      2.6259 f
  count1/U23/Y (NAND2X0_RVT)                       0.1414      2.7672 r
  count1/U44/Y (AND2X1_RVT)                        0.1480      2.9152 r
  count1/U45/Y (OA21X1_RVT)                        0.1397      3.0549 r
  count1/U83/Y (INVX0_RVT)                         0.0556      3.1105 f
  count1/ctmTdsLR_1_40/Y (AO222X1_RVT)             0.1765      3.2871 f
  count1/current_time_ms_hr_reg[2]/D (DFFARX1_RVT)
                                                   0.0000      3.2871 f
  data arrival time                                            3.2871

  clock clock (rise edge)                          5.0000      5.0000
  clock network delay (propagated)                 0.0927      5.0927
  count1/current_time_ms_hr_reg[2]/CLK (DFFARX1_RVT)
                                                   0.0000      5.0927 r
  clock uncertainty                               -0.2000      4.8927
  library setup time                              -0.0985      4.7942
  data required time                                           4.7941
  ----------------------------------------------------------------------------
  data required time                                           4.7941
  data arrival time                                           -3.2871
  ----------------------------------------------------------------------------
  slack (MET)                                                  1.5071



  Startpoint: fsm1/pre_state_reg[1] (rising edge-triggered flip-flop clocked by clock)
  Endpoint: ms_hour[2] (output port clocked by clock)
  Mode: func
  Corner: nom
  Scenario: func.nom
  Path Group: **reg2out_default**
  Path Type: max

  Point                                             Incr        Path  
  ----------------------------------------------------------------------------
  clock clock (rise edge)                          0.0000      0.0000
  clock network delay (propagated)                 0.1032      0.1032

  fsm1/pre_state_reg[1]/CLK (DFFARX1_RVT)          0.0000      0.1032 r
  fsm1/pre_state_reg[1]/Q (DFFARX1_RVT)            0.3512      0.4544 f
  fsm1/U9/Y (NAND2X0_RVT)                          0.1775      0.6319 r
  fsm1/U11/Y (NAND2X0_RVT)                         0.2167      0.8485 f
  HFSINV_107_3/Y (INVX0_RVT)                       0.1447      0.9933 r
  U112/Y (AND2X2_RVT)                              0.2237      1.2170 r
  HFSBUF_113_2/Y (NBUFFX2_RVT)                     0.1508      1.3677 r
  U119/Y (AO222X1_RVT)                             0.2064      1.5742 r
  U120/Y (INVX0_RVT)                               0.1187      1.6928 f
  U184/Y (AND2X1_RVT)                              0.1567      1.8495 f
  ms_hour[2] (out)                                 0.0001      1.8496 f
  data arrival time                                            1.8496

  clock clock (rise edge)                          5.0000      5.0000
  clock network delay (propagated)                 0.0885      5.0885
  clock uncertainty                               -0.2000      4.8885
  output external delay                           -1.5000      3.3885
  data required time                                           3.3885
  ----------------------------------------------------------------------------
  data required time                                           3.3885
  data arrival time                                           -1.8496
  ----------------------------------------------------------------------------
  slack (MET)                                                  1.5389



  Startpoint: fsm1/pre_state_reg[1] (rising edge-triggered flip-flop clocked by clock)
  Endpoint: ls_minute[1] (output port clocked by clock)
  Mode: func
  Corner: nom
  Scenario: func.nom
  Path Group: **reg2out_default**
  Path Type: max

  Point                                             Incr        Path  
  ----------------------------------------------------------------------------
  clock clock (rise edge)                          0.0000      0.0000
  clock network delay (propagated)                 0.1032      0.1032

  fsm1/pre_state_reg[1]/CLK (DFFARX1_RVT)          0.0000      0.1032 r
  fsm1/pre_state_reg[1]/Q (DFFARX1_RVT)            0.3512      0.4544 f
  fsm1/U9/Y (NAND2X0_RVT)                          0.1775      0.6319 r
  fsm1/U11/Y (NAND2X0_RVT)                         0.2167      0.8485 f
  U110/Y (NOR2X2_RVT)                              0.3342      1.1827 r
  U113/Y (AO222X1_RVT)                             0.2580      1.4407 r
  U114/Y (INVX0_RVT)                               0.0999      1.5406 f
  U118/Y (OAI21X1_RVT)                             0.3044      1.8450 r
  ls_minute[1] (out)                               0.0001      1.8451 r
  data arrival time                                            1.8451

  clock clock (rise edge)                          5.0000      5.0000
  clock network delay (propagated)                 0.0885      5.0885
  clock uncertainty                               -0.2000      4.8885
  output external delay                           -1.5000      3.3885
  data required time                                           3.3885
  ----------------------------------------------------------------------------
  data required time                                           3.3885
  data arrival time                                           -1.8451
  ----------------------------------------------------------------------------
  slack (MET)                                                  1.5433


****************************************
Report : timing
        -path_type full
        -delay_type min
        -max_paths 10
        -report_by design
Design : alarm_clock_top
Version: W-2024.09-SP1
****************************************

  Startpoint: key[2] (input port clocked by clock)
  Endpoint: keyreg1/key_buffer_ls_min_reg[2] (rising edge-triggered flip-flop clocked by clock)
  Mode: func
  Corner: nom
  Scenario: func.nom
  Path Group: **in2reg_default**
  Path Type: min

  Point                                             Incr        Path  
  ----------------------------------------------------------------------------
  clock clock (rise edge)                          0.0000      0.0000
  clock network delay (propagated)                 0.0885      0.0885
  input external delay                             0.0000      0.0885 f
  key[2] (in)                                      0.0000      0.0885 f
  keyreg1/U8/Y (AO22X1_RVT)                        0.2442      0.3327 f
  keyreg1/key_buffer_ls_min_reg[2]/D (DFFASRX1_RVT)
                                                   0.0000      0.3327 f
  data arrival time                                            0.3327

  clock clock (rise edge)                          0.0000      0.0000
  clock network delay (propagated)                 0.1119      0.1119
  keyreg1/key_buffer_ls_min_reg[2]/CLK (DFFASRX1_RVT)
                                                   0.0000      0.1119 r
  clock uncertainty                                0.0200      0.1319
  library hold time                                0.0079      0.1397
  data required time                                           0.1397
  ----------------------------------------------------------------------------
  data required time                                           0.1397
  data arrival time                                           -0.3327
  ----------------------------------------------------------------------------
  slack (MET)                                                  0.1929



  Startpoint: key[3] (input port clocked by clock)
  Endpoint: keyreg1/key_buffer_ls_min_reg[3] (rising edge-triggered flip-flop clocked by clock)
  Mode: func
  Corner: nom
  Scenario: func.nom
  Path Group: **in2reg_default**
  Path Type: min

  Point                                             Incr        Path  
  ----------------------------------------------------------------------------
  clock clock (rise edge)                          0.0000      0.0000
  clock network delay (propagated)                 0.0885      0.0885
  input external delay                             0.0000      0.0885 f
  key[3] (in)                                      0.0000      0.0885 f
  keyreg1/U4/Y (AO22X1_RVT)                        0.2479      0.3363 f
  keyreg1/key_buffer_ls_min_reg[3]/D (DFFASRX1_RVT)
                                                   0.0000      0.3363 f
  data arrival time                                            0.3363

  clock clock (rise edge)                          0.0000      0.0000
  clock network delay (propagated)                 0.1119      0.1119
  keyreg1/key_buffer_ls_min_reg[3]/CLK (DFFASRX1_RVT)
                                                   0.0000      0.1119 r
  clock uncertainty                                0.0200      0.1319
  library hold time                                0.0063      0.1382
  data required time                                           0.1382
  ----------------------------------------------------------------------------
  data required time                                           0.1382
  data arrival time                                           -0.3363
  ----------------------------------------------------------------------------
  slack (MET)                                                  0.1982



  Startpoint: key[1] (input port clocked by clock)
  Endpoint: keyreg1/key_buffer_ls_min_reg[1] (rising edge-triggered flip-flop clocked by clock)
  Mode: func
  Corner: nom
  Scenario: func.nom
  Path Group: **in2reg_default**
  Path Type: min

  Point                                             Incr        Path  
  ----------------------------------------------------------------------------
  clock clock (rise edge)                          0.0000      0.0000
  clock network delay (propagated)                 0.0885      0.0885
  input external delay                             0.0000      0.0885 f
  key[1] (in)                                      0.0000      0.0885 f
  keyreg1/U12/Y (AO22X1_RVT)                       0.2489      0.3373 f
  keyreg1/key_buffer_ls_min_reg[1]/D (DFFASRX1_RVT)
                                                   0.0000      0.3373 f
  data arrival time                                            0.3373

  clock clock (rise edge)                          0.0000      0.0000
  clock network delay (propagated)                 0.1117      0.1117
  keyreg1/key_buffer_ls_min_reg[1]/CLK (DFFASRX1_RVT)
                                                   0.0000      0.1117 r
  clock uncertainty                                0.0200      0.1317
  library hold time                                0.0059      0.1376
  data required time                                           0.1376
  ----------------------------------------------------------------------------
  data required time                                           0.1376
  data arrival time                                           -0.3373
  ----------------------------------------------------------------------------
  slack (MET)                                                  0.1997



  Startpoint: key[0] (input port clocked by clock)
  Endpoint: keyreg1/key_buffer_ls_min_reg[0] (rising edge-triggered flip-flop clocked by clock)
  Mode: func
  Corner: nom
  Scenario: func.nom
  Path Group: **in2reg_default**
  Path Type: min

  Point                                             Incr        Path  
  ----------------------------------------------------------------------------
  clock clock (rise edge)                          0.0000      0.0000
  clock network delay (propagated)                 0.0885      0.0885
  input external delay                             0.0000      0.0885 f
  key[0] (in)                                      0.0000      0.0885 f
  keyreg1/U16/Y (AO22X1_RVT)                       0.2504      0.3389 f
  keyreg1/key_buffer_ls_min_reg[0]/D (DFFASRX1_RVT)
                                                   0.0000      0.3389 f
  data arrival time                                            0.3389

  clock clock (rise edge)                          0.0000      0.0000
  clock network delay (propagated)                 0.1119      0.1119
  keyreg1/key_buffer_ls_min_reg[0]/CLK (DFFASRX1_RVT)
                                                   0.0000      0.1119 r
  clock uncertainty                                0.0200      0.1319
  library hold time                                0.0052      0.1371
  data required time                                           0.1371
  ----------------------------------------------------------------------------
  data required time                                           0.1371
  data arrival time                                           -0.3389
  ----------------------------------------------------------------------------
  slack (MET)                                                  0.2017



  Startpoint: time_button (input port clocked by clock)
  Endpoint: fsm1/pre_state_reg[2] (rising edge-triggered flip-flop clocked by clock)
  Mode: func
  Corner: nom
  Scenario: func.nom
  Path Group: **in2reg_default**
  Path Type: min

  Point                                             Incr        Path  
  ----------------------------------------------------------------------------
  clock clock (rise edge)                          0.0000      0.0000
  clock network delay (propagated)                 0.0885      0.0885
  input external delay                             0.0000      0.0885 r
  time_button (in)                                 0.0000      0.0885 r
  fsm1/U48/Y (AO221X1_RVT)                         0.2318      0.3203 r
  fsm1/pre_state_reg[2]/D (DFFARX1_RVT)            0.0000      0.3203 r
  data arrival time                                            0.3203

  clock clock (rise edge)                          0.0000      0.0000
  clock network delay (propagated)                 0.1032      0.1032
  fsm1/pre_state_reg[2]/CLK (DFFARX1_RVT)          0.0000      0.1032 r
  clock uncertainty                                0.0200      0.1232
  library hold time                               -0.0404      0.0828
  data required time                                           0.0828
  ----------------------------------------------------------------------------
  data required time                                           0.0828
  data arrival time                                           -0.3203
  ----------------------------------------------------------------------------
  slack (MET)                                                  0.2374



  Startpoint: alarm_button (input port clocked by clock)
  Endpoint: fsm1/pre_state_reg[1] (rising edge-triggered flip-flop clocked by clock)
  Mode: func
  Corner: nom
  Scenario: func.nom
  Path Group: **in2reg_default**
  Path Type: min

  Point                                             Incr        Path  
  ----------------------------------------------------------------------------
  clock clock (rise edge)                          0.0000      0.0000
  clock network delay (propagated)                 0.0885      0.0885
  input external delay                             0.0000      0.0885 r
  alarm_button (in)                                0.0000      0.0885 r
  fsm1/U41/Y (NAND3X0_RVT)                         0.1382      0.2267 f
  fsm1/U42/Y (NAND3X0_RVT)                         0.1214      0.3480 r
  fsm1/pre_state_reg[1]/D (DFFARX1_RVT)            0.0000      0.3480 r
  data arrival time                                            0.3480

  clock clock (rise edge)                          0.0000      0.0000
  clock network delay (propagated)                 0.1032      0.1032
  fsm1/pre_state_reg[1]/CLK (DFFARX1_RVT)          0.0000      0.1032 r
  clock uncertainty                                0.0200      0.1232
  library hold time                               -0.0417      0.0815
  data required time                                           0.0815
  ----------------------------------------------------------------------------
  data required time                                           0.0815
  data arrival time                                           -0.3480
  ----------------------------------------------------------------------------
  slack (MET)                                                  0.2665



  Startpoint: tgen1/count_reg[0] (rising edge-triggered flip-flop clocked by clock)
  Endpoint: tgen1/count_reg[0] (rising edge-triggered flip-flop clocked by clock)
  Mode: func
  Corner: nom
  Scenario: func.nom
  Path Group: clock
  Path Type: min

  Point                                             Incr        Path  
  ----------------------------------------------------------------------------
  clock clock (rise edge)                          0.0000      0.0000
  clock network delay (propagated)                 0.0993      0.0993

  tgen1/count_reg[0]/CLK (DFFARX1_RVT)             0.0000      0.0993 r
  tgen1/count_reg[0]/QN (DFFARX1_RVT)              0.2300      0.3293 f
  tgen1/U68/Y (AND2X1_RVT)                         0.1196      0.4489 f
  tgen1/count_reg[0]/D (DFFARX1_RVT)               0.0000      0.4489 f
  data arrival time                                            0.4489

  clock clock (rise edge)                          0.0000      0.0000
  clock network delay (propagated)                 0.1117      0.1117
  tgen1/count_reg[0]/CLK (DFFARX1_RVT)             0.0000      0.1117 r
  clock uncertainty                                0.0200      0.1317
  library hold time                                0.0034      0.1351
  data required time                                           0.1351
  ----------------------------------------------------------------------------
  data required time                                           0.1351
  data arrival time                                           -0.4489
  ----------------------------------------------------------------------------
  slack (MET)                                                  0.3137



  Startpoint: time_button (input port clocked by clock)
  Endpoint: fsm1/pre_state_reg[0] (rising edge-triggered flip-flop clocked by clock)
  Mode: func
  Corner: nom
  Scenario: func.nom
  Path Group: **in2reg_default**
  Path Type: min

  Point                                             Incr        Path  
  ----------------------------------------------------------------------------
  clock clock (rise edge)                          0.0000      0.0000
  clock network delay (propagated)                 0.0885      0.0885
  input external delay                             0.0000      0.0885 f
  time_button (in)                                 0.0000      0.0885 f
  fsm1/U45/Y (NAND3X0_RVT)                         0.1686      0.2570 r
  fsm1/ctmTdsLR_1_55/Y (OAI221X1_RVT)              0.1838      0.4408 f
  fsm1/pre_state_reg[0]/D (DFFARX1_RVT)            0.0000      0.4408 f
  data arrival time                                            0.4408

  clock clock (rise edge)                          0.0000      0.0000
  clock network delay (propagated)                 0.1032      0.1032
  fsm1/pre_state_reg[0]/CLK (DFFARX1_RVT)          0.0000      0.1032 r
  clock uncertainty                                0.0200      0.1232
  library hold time                               -0.0023      0.1209
  data required time                                           0.1209
  ----------------------------------------------------------------------------
  data required time                                           0.1209
  data arrival time                                           -0.4408
  ----------------------------------------------------------------------------
  slack (MET)                                                  0.3199



  Startpoint: count1/current_time_ms_hr_reg[2] (rising edge-triggered flip-flop clocked by clock)
  Endpoint: count1/current_time_ms_hr_reg[2] (rising edge-triggered flip-flop clocked by clock)
  Mode: func
  Corner: nom
  Scenario: func.nom
  Path Group: clock
  Path Type: min

  Point                                             Incr        Path  
  ----------------------------------------------------------------------------
  clock clock (rise edge)                          0.0000      0.0000
  clock network delay (propagated)                 0.0927      0.0927

  count1/current_time_ms_hr_reg[2]/CLK (DFFARX1_RVT)
                                                   0.0000      0.0927 r
  count1/current_time_ms_hr_reg[2]/QN (DFFARX1_RVT)
                                                   0.2357      0.3284 f
  count1/ctmTdsLR_1_40/Y (AO222X1_RVT)             0.1393      0.4677 f
  count1/current_time_ms_hr_reg[2]/D (DFFARX1_RVT)
                                                   0.0000      0.4677 f
  data arrival time                                            0.4677

  clock clock (rise edge)                          0.0000      0.0000
  clock network delay (propagated)                 0.1032      0.1032
  count1/current_time_ms_hr_reg[2]/CLK (DFFARX1_RVT)
                                                   0.0000      0.1032 r
  clock uncertainty                                0.0200      0.1232
  library hold time                               -0.0062      0.1170
  data required time                                           0.1170
  ----------------------------------------------------------------------------
  data required time                                           0.1170
  data arrival time                                           -0.4677
  ----------------------------------------------------------------------------
  slack (MET)                                                  0.3507



  Startpoint: count1/current_time_ls_hr_reg[2] (rising edge-triggered flip-flop clocked by clock)
  Endpoint: count1/current_time_ls_hr_reg[2] (rising edge-triggered flip-flop clocked by clock)
  Mode: func
  Corner: nom
  Scenario: func.nom
  Path Group: clock
  Path Type: min

  Point                                             Incr        Path  
  ----------------------------------------------------------------------------
  clock clock (rise edge)                          0.0000      0.0000
  clock network delay (propagated)                 0.0927      0.0927

  count1/current_time_ls_hr_reg[2]/CLK (DFFARX1_RVT)
                                                   0.0000      0.0927 r
  count1/current_time_ls_hr_reg[2]/QN (DFFARX1_RVT)
                                                   0.2664      0.3591 f
  count1/ctmTdsLR_1_54/Y (AO222X1_RVT)             0.1604      0.5195 f
  count1/current_time_ls_hr_reg[2]/D (DFFARX1_RVT)
                                                   0.0000      0.5195 f
  data arrival time                                            0.5195

  clock clock (rise edge)                          0.0000      0.0000
  clock network delay (propagated)                 0.1032      0.1032
  count1/current_time_ls_hr_reg[2]/CLK (DFFARX1_RVT)
                                                   0.0000      0.1032 r
  clock uncertainty                                0.0200      0.1232
  library hold time                               -0.0100      0.1132
  data required time                                           0.1132
  ----------------------------------------------------------------------------
  data required time                                           0.1132
  data arrival time                                           -0.5195
  ----------------------------------------------------------------------------
  slack (MET)                                                  0.4063


1
