 
****************************************
Report : area
Design : alarm_clock_top
Version: W-2024.09-SP1
****************************************

Information: Updating design information... (UID-85)
Library(s) Used:

    saed32rvt_tt0p85v25c (File: /alarm_clock/ref/lib/stdcell_rvt/saed32rvt_tt0p85v25c.db)

Number of ports:                          157
Number of nets:                           630
Number of cells:                          486
Number of combinational cells:            340
Number of sequential cells:                75
Number of macros/black boxes:               0
Number of buf/inv:                         84
Number of references:                      14

Combinational area:                718.973383
Buf/Inv area:                      111.315073
Noncombinational area:             559.116805
Macro/Black Box area:                0.000000
Net Interconnect area:             265.602730

Total cell area:                  1278.090188
Total area:                       1543.692918

Hierarchical area distribution
------------------------------

                                  Global cell area          Local cell area
                                  ------------------  --------------------------- 
Hierarchical cell                 Absolute   Percent  Combi-    Noncombi-  Black-
                                  Total      Total    national  national   boxes   Design
--------------------------------  ---------  -------  --------  ---------  ------  ---------
alarm_clock_top                   1278.0902    100.0  200.5196     0.0000  0.0000  alarm_clock_top
alreg1                             167.2268     13.1   45.2376   121.9891  0.0000  alarm_reg
count1                             293.0280     22.9  178.1549   114.8731  0.0000  counter
fsm1                               196.9616     15.4  117.6687    79.2929  0.0000  fsm
keyreg1                            167.2268     13.1   45.2376   121.9891  0.0000  keyreg
tgen1                              253.1274     19.8  132.1549   120.9725  0.0000  timegen
--------------------------------  ---------  -------  --------  ---------  ------  ---------
Total                                                 718.9734   559.1168  0.0000

1
