 
****************************************
Report : qor
Design : alarm_clock_top
Version: W-2024.09-SP1
****************************************


  Timing Path Group 'clock'
  -----------------------------------
  Levels of Logic:              10.00
  Critical Path Length:          0.87
  Critical Path Slack:           2.37
  Critical Path Clk Period:      5.00
  Total Negative Slack:          0.00
  No. of Violating Paths:        0.00
  Worst Hold Violation:          0.00
  Total Hold Violation:          0.00
  No. of Hold Violations:        0.00
  -----------------------------------


  Cell Count
  -----------------------------------
  Hierarchical Cell Count:          5
  Hierarchical Port Count:        115
  Leaf Cell Count:                415
  Buf/Inv Cell Count:              84
  Buf Cell Count:                   0
  Inv Cell Count:                  84
  CT Buf/Inv Cell Count:            0
  Combinational Cell Count:       340
  Sequential Cell Count:           75
  Macro Count:                      0
  -----------------------------------


  Area
  -----------------------------------
  Combinational Area:      718.973383
  Noncombinational Area:   559.116805
  Buf/Inv Area:            111.315073
  Total Buffer Area:             0.00
  Total Inverter Area:         111.32
  Macro/Black Box Area:      0.000000
  Net Area:                265.602730
  -----------------------------------
  Cell Area:              1278.090188
  Design Area:            1543.692918


  Design Rules
  -----------------------------------
  Total Number of Nets:           515
  Nets With Violations:             0
  Max Trans Violations:             0
  Max Cap Violations:               0
  -----------------------------------


  Hostname: inhydmupc1511-l

  Compile CPU Statistics
  -----------------------------------------
  Resource Sharing:                    0.00
  Logic Optimization:                  0.04
  Mapping Optimization:                0.29
  -----------------------------------------
  Overall Compile Time:                1.40
  Overall Compile Wall Clock Time:     1.31

  --------------------------------------------------------------------

  Design  WNS: 0.00  TNS: 0.00  Number of Violating Paths: 0


  Design (Hold)  WNS: 0.00  TNS: 0.00  Number of Violating Paths: 0

  --------------------------------------------------------------------


1
